// Jest Snapshot v1, https://goo.gl/fbAQLP

exports[`Add should work correctly 1`] = `"<ReduxForm onSubmit={[Function: onSubmit]} touchOnBlur={true} touchOnChange={false} persistentSubmitErrors={false} destroyOnUnmount={true} shouldAsyncValidate={[Function: defaultShouldAsyncValidate]} shouldValidate={[Function: defaultShouldValidate]} shouldError={[Function: defaultShouldError]} shouldWarn={[Function: defaultShouldWarn]} enableReinitialize={false} keepDirtyOnReinitialize={false} updateUnregisteredFields={false} getFormState={[Function: getFormState]} pure={true} forceUnregisterOnUnmount={false} submitAsSideEffect={false} form=\\"add\\" />"`;
